#0 building with "desktop-linux" instance using docker driver

#1 [internal] load build definition from Dockerfile.replay
#1 transferring dockerfile: 1.01kB done
#1 DONE 0.0s

#2 resolve image config for docker-image://docker.io/docker/dockerfile:1.7
#2 DONE 0.3s

#3 docker-image://docker.io/docker/dockerfile:1.7@sha256:a57df69d0ea827fb7266491f2813635de6f17269be881f696fbfdf2d83dda33e
#3 resolve docker.io/docker/dockerfile:1.7@sha256:a57df69d0ea827fb7266491f2813635de6f17269be881f696fbfdf2d83dda33e 0.0s done
#3 CACHED

#4 [internal] load metadata for docker.io/library/python:3.12.11-slim-bookworm@sha256:519591d6871b7bc437060736b9f7456b8731f1499a57e22e6c285135ae657bf7
#4 DONE 0.0s

#5 [internal] load .dockerignore
#5 transferring context: 2B done
#5 DONE 0.0s

#6 [ 1/11] FROM docker.io/library/python:3.12.11-slim-bookworm@sha256:519591d6871b7bc437060736b9f7456b8731f1499a57e22e6c285135ae657bf7
#6 resolve docker.io/library/python:3.12.11-slim-bookworm@sha256:519591d6871b7bc437060736b9f7456b8731f1499a57e22e6c285135ae657bf7 0.0s done
#6 DONE 0.0s

#7 [internal] load build context
#7 transferring context: 59.84kB 0.0s done
#7 DONE 0.1s

#8 [ 2/11] WORKDIR /workspace
#8 CACHED

#9 [ 3/11] COPY locks/timeseries_v6/requirements.replay.lock /tmp/requirements.replay.lock
#9 DONE 0.0s

#10 [ 4/11] RUN python -m pip install --no-deps -r /tmp/requirements.replay.lock
#10 1.302 Collecting annotated-types==0.8.0 (from -r /tmp/requirements.replay.lock (line 2))
#10 1.436   Downloading annotated_types-0.8.0-py3-none-any.whl.metadata (15 kB)
#10 1.696 Collecting boto3==1.43.78 (from -r /tmp/requirements.replay.lock (line 3))
#10 1.709   Downloading boto3-1.43.78-py3-none-any.whl.metadata (6.6 kB)
#10 1.992 Collecting botocore==1.43.78 (from -r /tmp/requirements.replay.lock (line 4))
#10 2.050   Downloading botocore-1.43.78-py3-none-any.whl.metadata (5.6 kB)
#10 2.126 Collecting colorama==0.4.6 (from -r /tmp/requirements.replay.lock (line 5))
#10 2.187   Downloading colorama-0.4.6-py2.py3-none-any.whl.metadata (17 kB)
#10 2.414 Collecting duckdb==1.5.5 (from -r /tmp/requirements.replay.lock (line 6))
#10 2.426   Downloading duckdb-1.5.5-cp312-cp312-manylinux_2_26_x86_64.manylinux_2_28_x86_64.whl.metadata (4.2 kB)
#10 2.440 Collecting et_xmlfile==2.0.0 (from -r /tmp/requirements.replay.lock (line 7))
#10 2.452   Downloading et_xmlfile-2.0.0-py3-none-any.whl.metadata (2.7 kB)
#10 2.471 Collecting exchange_calendars==4.13.2 (from -r /tmp/requirements.replay.lock (line 8))
#10 2.484   Downloading exchange_calendars-4.13.2-py3-none-any.whl.metadata (26 kB)
#10 2.509 Collecting iniconfig==2.3.0 (from -r /tmp/requirements.replay.lock (line 9))
#10 2.522   Downloading iniconfig-2.3.0-py3-none-any.whl.metadata (2.5 kB)
#10 2.537 Collecting jmespath==1.1.0 (from -r /tmp/requirements.replay.lock (line 10))
#10 2.550   Downloading jmespath-1.1.0-py3-none-any.whl.metadata (7.6 kB)
#10 2.574 Collecting joblib==1.5.3 (from -r /tmp/requirements.replay.lock (line 11))
#10 2.588   Downloading joblib-1.5.3-py3-none-any.whl.metadata (5.5 kB)
#10 2.602 Collecting korean_lunar_calendar==0.4.0 (from -r /tmp/requirements.replay.lock (line 12))
#10 2.616   Downloading korean_lunar_calendar-0.4.0-py3-none-any.whl.metadata (6.6 kB)
#10 2.772 Collecting numpy==2.3.5 (from -r /tmp/requirements.replay.lock (line 13))
#10 2.801   Downloading numpy-2.3.5-cp312-cp312-manylinux_2_27_x86_64.manylinux_2_28_x86_64.whl.metadata (62 kB)
#10 2.856 Collecting openpyxl==3.1.5 (from -r /tmp/requirements.replay.lock (line 14))
#10 2.868   Downloading openpyxl-3.1.5-py2.py3-none-any.whl.metadata (2.5 kB)
#10 2.885 Collecting packaging==26.3 (from -r /tmp/requirements.replay.lock (line 15))
#10 2.897   Downloading packaging-26.3-py3-none-any.whl.metadata (3.5 kB)
#10 2.980 Collecting pandas==2.3.3 (from -r /tmp/requirements.replay.lock (line 16))
#10 2.999   Downloading pandas-2.3.3-cp312-cp312-manylinux_2_24_x86_64.manylinux_2_28_x86_64.whl.metadata (91 kB)
#10 3.042 Collecting patsy==1.0.2 (from -r /tmp/requirements.replay.lock (line 17))
#10 3.055   Downloading patsy-1.0.2-py2.py3-none-any.whl.metadata (3.6 kB)
#10 3.070 Collecting pluggy==1.6.0 (from -r /tmp/requirements.replay.lock (line 18))
#10 3.082   Downloading pluggy-1.6.0-py3-none-any.whl.metadata (4.8 kB)
#10 3.188 Collecting psycopg-binary==3.3.4 (from -r /tmp/requirements.replay.lock (line 19))
#10 3.200   Downloading psycopg_binary-3.3.4-cp312-cp312-manylinux2014_x86_64.manylinux_2_17_x86_64.whl.metadata (2.7 kB)
#10 3.220 Collecting psycopg==3.3.4 (from -r /tmp/requirements.replay.lock (line 20))
#10 3.234   Downloading psycopg-3.3.4-py3-none-any.whl.metadata (4.3 kB)
#10 3.333 Collecting pyarrow==21.0.0 (from -r /tmp/requirements.replay.lock (line 21))
#10 3.345   Downloading pyarrow-21.0.0-cp312-cp312-manylinux_2_28_x86_64.whl.metadata (3.3 kB)
#10 3.426 Collecting pydantic==2.12.3 (from -r /tmp/requirements.replay.lock (line 22))
#10 3.441   Downloading pydantic-2.12.3-py3-none-any.whl.metadata (87 kB)
#10 3.947 Collecting pydantic_core==2.41.4 (from -r /tmp/requirements.replay.lock (line 23))
#10 3.964   Downloading pydantic_core-2.41.4-cp312-cp312-manylinux_2_17_x86_64.manylinux2014_x86_64.whl.metadata (7.3 kB)
#10 3.985 Collecting pygments==2.21.0 (from -r /tmp/requirements.replay.lock (line 24))
#10 3.998   Downloading pygments-2.21.0-py3-none-any.whl.metadata (2.5 kB)
#10 4.014 Collecting pyluach==2.3.0 (from -r /tmp/requirements.replay.lock (line 25))
#10 4.027   Downloading pyluach-2.3.0-py3-none-any.whl.metadata (4.3 kB)
#10 4.057 Collecting pytest==8.4.2 (from -r /tmp/requirements.replay.lock (line 26))
#10 4.069   Downloading pytest-8.4.2-py3-none-any.whl.metadata (7.7 kB)
#10 4.086 Collecting python-dateutil==2.9.0.post0 (from -r /tmp/requirements.replay.lock (line 27))
#10 4.100   Downloading python_dateutil-2.9.0.post0-py2.py3-none-any.whl.metadata (8.4 kB)
#10 4.116 Collecting python-frontmatter==1.1.0 (from -r /tmp/requirements.replay.lock (line 28))
#10 4.130   Downloading python_frontmatter-1.1.0-py3-none-any.whl.metadata (4.1 kB)
#10 4.165 Collecting pytz==2026.3.post1 (from -r /tmp/requirements.replay.lock (line 29))
#10 4.181   Downloading pytz-2026.3.post1-py2.py3-none-any.whl.metadata (22 kB)
#10 4.212 Collecting PyYAML==6.0.3 (from -r /tmp/requirements.replay.lock (line 30))
#10 4.225   Downloading pyyaml-6.0.3-cp312-cp312-manylinux2014_x86_64.manylinux_2_17_x86_64.manylinux_2_28_x86_64.whl.metadata (2.4 kB)
#10 4.244 Collecting s3transfer==0.19.2 (from -r /tmp/requirements.replay.lock (line 31))
#10 4.257   Downloading s3transfer-0.19.2-py3-none-any.whl.metadata (1.7 kB)
#10 4.325 Collecting scikit-learn==1.7.2 (from -r /tmp/requirements.replay.lock (line 32))
#10 4.338   Downloading scikit_learn-1.7.2-cp312-cp312-manylinux2014_x86_64.manylinux_2_17_x86_64.whl.metadata (11 kB)
#10 4.475 Collecting scipy==1.16.3 (from -r /tmp/requirements.replay.lock (line 33))
#10 4.491   Downloading scipy-1.16.3-cp312-cp312-manylinux2014_x86_64.manylinux_2_17_x86_64.whl.metadata (62 kB)
#10 4.517 Collecting six==1.17.0 (from -r /tmp/requirements.replay.lock (line 34))
#10 4.528   Downloading six-1.17.0-py2.py3-none-any.whl.metadata (1.7 kB)
#10 4.567 Collecting statsmodels==0.14.6 (from -r /tmp/requirements.replay.lock (line 35))
#10 4.581   Downloading statsmodels-0.14.6-cp312-cp312-manylinux2014_x86_64.manylinux_2_17_x86_64.manylinux_2_28_x86_64.whl.metadata (9.5 kB)
#10 4.598 Collecting threadpoolctl==3.6.0 (from -r /tmp/requirements.replay.lock (line 36))
#10 4.611   Downloading threadpoolctl-3.6.0-py3-none-any.whl.metadata (13 kB)
#10 4.627 Collecting toolz==1.1.0 (from -r /tmp/requirements.replay.lock (line 37))
#10 4.639   Downloading toolz-1.1.0-py3-none-any.whl.metadata (5.1 kB)
#10 4.654 Collecting typing-inspection==0.4.4 (from -r /tmp/requirements.replay.lock (line 38))
#10 4.665   Downloading typing_inspection-0.4.4-py3-none-any.whl.metadata (2.6 kB)
#10 4.684 Collecting typing_extensions==4.16.0 (from -r /tmp/requirements.replay.lock (line 39))
#10 4.698   Downloading typing_extensions-4.16.0-py3-none-any.whl.metadata (3.3 kB)
#10 4.722 Collecting tzdata==2026.3 (from -r /tmp/requirements.replay.lock (line 40))
#10 4.738   Downloading tzdata-2026.3-py2.py3-none-any.whl.metadata (1.4 kB)
#10 4.763 Collecting urllib3==2.7.0 (from -r /tmp/requirements.replay.lock (line 41))
#10 4.776   Downloading urllib3-2.7.0-py3-none-any.whl.metadata (6.9 kB)
#10 4.822 Downloading annotated_types-0.8.0-py3-none-any.whl (13 kB)
#10 4.838 Downloading boto3-1.43.78-py3-none-any.whl (140 kB)
#10 4.862 Downloading botocore-1.43.78-py3-none-any.whl (15.7 MB)
#10 6.257    ━━━━━━━━━━━━━━━━━━━━━━━━━━━━━━━━━━━━━━━━ 15.7/15.7 MB 11.4 MB/s eta 0:00:00
#10 6.272 Downloading colorama-0.4.6-py2.py3-none-any.whl (25 kB)
#10 6.287 Downloading duckdb-1.5.5-cp312-cp312-manylinux_2_26_x86_64.manylinux_2_28_x86_64.whl (21.5 MB)
#10 8.561    ━━━━━━━━━━━━━━━━━━━━━━━━━━━━━━━━━━━━━━━━ 21.5/21.5 MB 9.4 MB/s eta 0:00:00
#10 8.574 Downloading et_xmlfile-2.0.0-py3-none-any.whl (18 kB)
#10 8.593 Downloading exchange_calendars-4.13.2-py3-none-any.whl (213 kB)
#10 8.647 Downloading iniconfig-2.3.0-py3-none-any.whl (7.5 kB)
#10 8.662 Downloading jmespath-1.1.0-py3-none-any.whl (20 kB)
#10 8.675 Downloading joblib-1.5.3-py3-none-any.whl (309 kB)
#10 8.723 Downloading korean_lunar_calendar-0.4.0-py3-none-any.whl (11 kB)
#10 8.737 Downloading numpy-2.3.5-cp312-cp312-manylinux_2_27_x86_64.manylinux_2_28_x86_64.whl (16.6 MB)
#10 10.21    ━━━━━━━━━━━━━━━━━━━━━━━━━━━━━━━━━━━━━━━━ 16.6/16.6 MB 11.3 MB/s eta 0:00:00
#10 10.23 Downloading openpyxl-3.1.5-py2.py3-none-any.whl (250 kB)
#10 10.27 Downloading packaging-26.3-py3-none-any.whl (129 kB)
#10 10.29 Downloading pandas-2.3.3-cp312-cp312-manylinux_2_24_x86_64.manylinux_2_28_x86_64.whl (12.4 MB)
#10 11.42    ━━━━━━━━━━━━━━━━━━━━━━━━━━━━━━━━━━━━━━━━ 12.4/12.4 MB 11.0 MB/s eta 0:00:00
#10 11.43 Downloading patsy-1.0.2-py2.py3-none-any.whl (233 kB)
#10 11.47 Downloading pluggy-1.6.0-py3-none-any.whl (20 kB)
#10 11.48 Downloading psycopg_binary-3.3.4-cp312-cp312-manylinux2014_x86_64.manylinux_2_17_x86_64.whl (5.2 MB)
#10 12.09    ━━━━━━━━━━━━━━━━━━━━━━━━━━━━━━━━━━━━━━━━ 5.2/5.2 MB 8.4 MB/s eta 0:00:00
#10 12.10 Downloading psycopg-3.3.4-py3-none-any.whl (213 kB)
#10 12.14 Downloading pyarrow-21.0.0-cp312-cp312-manylinux_2_28_x86_64.whl (42.8 MB)
#10 16.68    ━━━━━━━━━━━━━━━━━━━━━━━━━━━━━━━━━━━━━━━━ 42.8/42.8 MB 9.4 MB/s eta 0:00:00
#10 16.70 Downloading pydantic-2.12.3-py3-none-any.whl (462 kB)
#10 16.79 Downloading pydantic_core-2.41.4-cp312-cp312-manylinux_2_17_x86_64.manylinux2014_x86_64.whl (2.1 MB)
#10 17.00    ━━━━━━━━━━━━━━━━━━━━━━━━━━━━━━━━━━━━━━━━ 2.1/2.1 MB 11.3 MB/s eta 0:00:00
#10 17.01 Downloading pygments-2.21.0-py3-none-any.whl (1.3 MB)
#10 17.12    ━━━━━━━━━━━━━━━━━━━━━━━━━━━━━━━━━━━━━━━━ 1.3/1.3 MB 11.0 MB/s eta 0:00:00
#10 17.14 Downloading pyluach-2.3.0-py3-none-any.whl (25 kB)
#10 17.15 Downloading pytest-8.4.2-py3-none-any.whl (365 kB)
#10 17.20 Downloading python_dateutil-2.9.0.post0-py2.py3-none-any.whl (229 kB)
#10 17.23 Downloading python_frontmatter-1.1.0-py3-none-any.whl (9.8 kB)
#10 17.24 Downloading pytz-2026.3.post1-py2.py3-none-any.whl (508 kB)
#10 17.30 Downloading pyyaml-6.0.3-cp312-cp312-manylinux2014_x86_64.manylinux_2_17_x86_64.manylinux_2_28_x86_64.whl (807 kB)
#10 17.42    ━━━━━━━━━━━━━━━━━━━━━━━━━━━━━━━━━━━━━━━━ 807.9/807.9 kB 7.4 MB/s eta 0:00:00
#10 17.43 Downloading s3transfer-0.19.2-py3-none-any.whl (90 kB)
#10 17.46 Downloading scikit_learn-1.7.2-cp312-cp312-manylinux2014_x86_64.manylinux_2_17_x86_64.whl (9.5 MB)
#10 19.27    ━━━━━━━━━━━━━━━━━━━━━━━━━━━━━━━━━━━━━━━━ 9.5/9.5 MB 5.2 MB/s eta 0:00:00
#10 19.28 Downloading scipy-1.16.3-cp312-cp312-manylinux2014_x86_64.manylinux_2_17_x86_64.whl (35.7 MB)
#10 23.42    ━━━━━━━━━━━━━━━━━━━━━━━━━━━━━━━━━━━━━━━━ 35.7/35.7 MB 8.9 MB/s eta 0:00:00
#10 23.44 Downloading six-1.17.0-py2.py3-none-any.whl (11 kB)
#10 23.45 Downloading statsmodels-0.14.6-cp312-cp312-manylinux2014_x86_64.manylinux_2_17_x86_64.manylinux_2_28_x86_64.whl (10.3 MB)
#10 24.38    ━━━━━━━━━━━━━━━━━━━━━━━━━━━━━━━━━━━━━━━━ 10.3/10.3 MB 11.2 MB/s eta 0:00:00
#10 24.39 Downloading threadpoolctl-3.6.0-py3-none-any.whl (18 kB)
#10 24.41 Downloading toolz-1.1.0-py3-none-any.whl (58 kB)
#10 24.42 Downloading typing_inspection-0.4.4-py3-none-any.whl (14 kB)
#10 24.44 Downloading typing_extensions-4.16.0-py3-none-any.whl (45 kB)
#10 24.46 Downloading tzdata-2026.3-py2.py3-none-any.whl (348 kB)
#10 24.51 Downloading urllib3-2.7.0-py3-none-any.whl (131 kB)
#10 24.68 Installing collected packages: pytz, python-frontmatter, urllib3, tzdata, typing-inspection, typing_extensions, toolz, threadpoolctl, statsmodels, six, scipy, scikit-learn, s3transfer, PyYAML, python-dateutil, pytest, pyluach, pygments, pydantic_core, pydantic, pyarrow, psycopg-binary, psycopg, pluggy, patsy, pandas, packaging, openpyxl, numpy, korean_lunar_calendar, joblib, jmespath, iniconfig, exchange_calendars, et_xmlfile, duckdb, colorama, botocore, boto3, annotated-types
#10 43.86 Successfully installed PyYAML-6.0.3 annotated-types-0.8.0 boto3-1.43.78 botocore-1.43.78 colorama-0.4.6 duckdb-1.5.5 et_xmlfile-2.0.0 exchange_calendars-4.13.2 iniconfig-2.3.0 jmespath-1.1.0 joblib-1.5.3 korean_lunar_calendar-0.4.0 numpy-2.3.5 openpyxl-3.1.5 packaging-26.3 pandas-2.3.3 patsy-1.0.2 pluggy-1.6.0 psycopg-3.3.4 psycopg-binary-3.3.4 pyarrow-21.0.0 pydantic-2.12.3 pydantic_core-2.41.4 pygments-2.21.0 pyluach-2.3.0 pytest-8.4.2 python-dateutil-2.9.0.post0 python-frontmatter-1.1.0 pytz-2026.3.post1 s3transfer-0.19.2 scikit-learn-1.7.2 scipy-1.16.3 six-1.17.0 statsmodels-0.14.6 threadpoolctl-3.6.0 toolz-1.1.0 typing-inspection-0.4.4 typing_extensions-4.16.0 tzdata-2026.3 urllib3-2.7.0
#10 43.86 WARNING: Running pip as the 'root' user can result in broken permissions and conflicting behaviour with the system package manager, possibly rendering your system unusable. It is recommended to use a virtual environment instead: https://pip.pypa.io/warnings/venv. Use the --root-user-action option if you know what you are doing and want to suppress this warning.
#10 DONE 44.4s

#11 [ 5/11] COPY locks/timeseries_v6 /workspace/locks/timeseries_v6
#11 DONE 0.1s

#12 [ 6/11] COPY containers/timeseries_v6 /workspace/containers/timeseries_v6
#12 DONE 0.0s

#13 [ 7/11] COPY src /workspace/src
#13 DONE 0.1s

#14 [ 8/11] COPY tools /workspace/tools
#14 DONE 0.0s

#15 [ 9/11] COPY data/contracts /workspace/data/contracts
#15 DONE 0.0s

#16 [10/11] COPY data/timeseries_v6 /workspace/data/timeseries_v6
#16 DONE 0.0s

#17 [11/11] COPY outputs/NASDAQ_V5_GATE_REVIEW_PACK_20260824T050122Z.zip /workspace/outputs/NASDAQ_V5_GATE_REVIEW_PACK_20260824T050122Z.zip
#17 DONE 0.0s

#18 exporting to image
#18 exporting layers
#18 exporting layers 18.8s done
#18 exporting manifest sha256:c1e5540d60d9d8a21c4a1ea83259f390100d8336573fe20fc07cb835868a5c3c 0.0s done
#18 exporting config sha256:d1a68cf2794d039c2601a061429e0a02c789d11a1662fe4fdb298fa6edb1f9a7 0.0s done
#18 exporting attestation manifest sha256:aa8211654a687ff1846999e5f07cbb60f6ae8216adfb157afa151cd0011b544c 0.0s done
#18 exporting manifest list sha256:5bdbb027034c9a4ed142eda43423ecd30712b6bdc2f9b7ca0754feca5160110c 0.0s done
#18 naming to docker.io/library/ai-investing-v6-replay:p0-003-final
#18 naming to docker.io/library/ai-investing-v6-replay:p0-003-final done
#18 unpacking to docker.io/library/ai-investing-v6-replay:p0-003-final
#18 unpacking to docker.io/library/ai-investing-v6-replay:p0-003-final 7.1s done
#18 DONE 26.1s
