#0 building with "desktop-linux" instance using docker driver

#1 [internal] load build definition from Dockerfile.replay
#1 transferring dockerfile: 1.01kB done
#1 DONE 0.0s

#2 resolve image config for docker-image://docker.io/docker/dockerfile:1.7
#2 DONE 0.3s

#3 docker-image://docker.io/docker/dockerfile:1.7@sha256:a57df69d0ea827fb7266491f2813635de6f17269be881f696fbfdf2d83dda33e
#3 resolve docker.io/docker/dockerfile:1.7@sha256:a57df69d0ea827fb7266491f2813635de6f17269be881f696fbfdf2d83dda33e 0.0s done
#3 CACHED

#4 [internal] load metadata for docker.io/library/python:3.12.11-slim-bookworm@sha256:519591d6871b7bc437060736b9f7456b8731f1499a57e22e6c285135ae657bf7
#4 DONE 0.0s

#5 [internal] load .dockerignore
#5 transferring context: 2B done
#5 DONE 0.0s

#6 [ 1/11] FROM docker.io/library/python:3.12.11-slim-bookworm@sha256:519591d6871b7bc437060736b9f7456b8731f1499a57e22e6c285135ae657bf7
#6 resolve docker.io/library/python:3.12.11-slim-bookworm@sha256:519591d6871b7bc437060736b9f7456b8731f1499a57e22e6c285135ae657bf7 0.0s done
#6 DONE 0.0s

#7 [internal] load build context
#7 transferring context: 59.00kB 0.1s done
#7 DONE 0.1s

#8 [ 2/11] WORKDIR /workspace
#8 CACHED

#9 [ 5/11] COPY locks/timeseries_v6 /workspace/locks/timeseries_v6
#9 CACHED

#10 [ 7/11] COPY src /workspace/src
#10 CACHED

#11 [ 3/11] COPY locks/timeseries_v6/requirements.replay.lock /tmp/requirements.replay.lock
#11 CACHED

#12 [ 6/11] COPY containers/timeseries_v6 /workspace/containers/timeseries_v6
#12 CACHED

#13 [ 8/11] COPY tools /workspace/tools
#13 CACHED

#14 [ 4/11] RUN python -m pip install --no-deps -r /tmp/requirements.replay.lock
#14 CACHED

#15 [ 9/11] COPY data/contracts /workspace/data/contracts
#15 CACHED

#16 [10/11] COPY data/timeseries_v6 /workspace/data/timeseries_v6
#16 DONE 0.0s

#17 [11/11] COPY outputs/NASDAQ_V5_GATE_REVIEW_PACK_20260824T050122Z.zip /workspace/outputs/NASDAQ_V5_GATE_REVIEW_PACK_20260824T050122Z.zip
#17 DONE 0.0s

#18 exporting to image
#18 exporting layers
#18 exporting layers 0.2s done
#18 exporting manifest sha256:5e3f0c9ecb384c7a658577b6eb343e3ad0f3429476887139a5d9bc98fb4ed1a9 0.0s done
#18 exporting config sha256:07cd6779a67a066bc54d39b538bcf2d5043bcc100c66f990e99faf3c4a3790c6 0.0s done
#18 exporting attestation manifest sha256:be943c758d50ea78cb469d1fb4380d9f8800e896595465350029922e195b39a3 0.0s done
#18 exporting manifest list sha256:7a62c1431efb5098ac86d12a950776934bde11640aee38ea88a57e24c353f1d3 0.0s done
#18 naming to docker.io/library/ai-investing-v6-replay:p0-003-final done
#18 unpacking to docker.io/library/ai-investing-v6-replay:p0-003-final 0.1s done
#18 DONE 0.4s
